// Jest Snapshot v1, https://goo.gl/fbAQLP

exports[`WishSummary tests snapshot 1`] = `ShallowWrapper {}`;
