// Jest Snapshot v1, https://goo.gl/fbAQLP

exports[`WishCard tests snapshot 1`] = `ShallowWrapper {}`;
