// Jest Snapshot v1, https://goo.gl/fbAQLP

exports[`ImgPlaceholder tests snapshot 1`] = `ShallowWrapper {}`;
