// Jest Snapshot v1, https://goo.gl/fbAQLP

exports[`WishHeader tests snapshot 1`] = `ShallowWrapper {}`;
