// Jest Snapshot v1, https://goo.gl/fbAQLP

exports[`Wish tests snapshot 1`] = `ShallowWrapper {}`;
