// Jest Snapshot v1, https://goo.gl/fbAQLP

exports[`WishFilter tests snapshot 1`] = `ShallowWrapper {}`;
